2023-08-06 16:51:30.990234:https://rest.gohighlevel.com/v1/contacts/:422 Client Error: Unprocessable Entity for url: https://rest.gohighlevel.com/v1/contacts/?limit=222
2023-08-06 16:51:32.138040:https://rest.gohighlevel.com/v1/contacts/:422 Client Error: Unprocessable Entity for url: https://rest.gohighlevel.com/v1/contacts/?limit=222
2023-08-06 16:51:34.389204:https://rest.gohighlevel.com/v1/contacts/:422 Client Error: Unprocessable Entity for url: https://rest.gohighlevel.com/v1/contacts/?limit=222
2023-08-06 16:51:38.541526:https://rest.gohighlevel.com/v1/contacts/:422 Client Error: Unprocessable Entity for url: https://rest.gohighlevel.com/v1/contacts/?limit=222
2023-08-06 16:51:46.674556:https://rest.gohighlevel.com/v1/contacts/:422 Client Error: Unprocessable Entity for url: https://rest.gohighlevel.com/v1/contacts/?limit=222
